 rattler-build 0.76.0
 No configuration file loaded
 Processing recipe at path: /home/ubuntu/work/ros-humble/recipes/ros-humble-rtabmap-python/recipe.yaml

 ╭─ Finding outputs from recipe
 │ Loading variant config from: conda_build_config.yaml
 │ Found 1 variants
 │ 
 │ Build variant: ros-humble-rtabmap-python-0.22.1-np2py312h2ed9cc7_18
 │ 
 │ ╭──────────────────────┬────────────────────╮
 │ │ Variant              ┆ Version            │
 │ ╞══════════════════════╪════════════════════╡
 │ │ build_platform       ┆ "linux-64"         │
 │ │ c_compiler           ┆ "gcc"              │
 │ │ c_compiler_version   ┆ "14"               │
 │ │ c_stdlib             ┆ "sysroot"          │
 │ │ c_stdlib_version     ┆ "2.17"             │
 │ │ cmake                ┆ "3.*"              │
 │ │ cxx_compiler         ┆ "gxx"              │
 │ │ cxx_compiler_version ┆ "14"               │
 │ │ numpy                ┆ "2"                │
 │ │ python               ┆ "3.12.* *_cpython" │
 │ │ target_platform      ┆ "linux-64"         │
 │ ╰──────────────────────┴────────────────────╯
 │
 ╰─────────────────── (took 0 seconds)
 Starting build of 1 outputs

 ╭─ Running build for recipe: ros-humble-rtabmap-python-0.22.1-np2py312h2ed9cc7_18
 │
 │ ╭─ Fetching source code
 │ │ Fetching source from git repo: https://github.com/introlab/rtabmap_ros-release.git
 │ │ Fetching git repository: https://github.com/introlab/rtabmap_ros-release.git
 │ │
 │ ╰─────────────────── (took 1 second)
 │
 │ ╭─ Resolving build environment
 │ │   Platform: linux-64 [__unix=0=0, __linux=6.8.0=0, __glibc=2.35=0, __archspec=1=icelake]
 │ │   Channels: 
 │ │    - file:///home/ubuntu/work/output/
 │ │    - file:///home/ubuntu/work/output/
 │ │    - https://prefix.dev/conda-forge/
 │ │    - robostack-staging
 │ │   Specs:
 │ │    - gxx_linux-64 14.*
 │ │    - gcc_linux-64 14.*
 │ │    - sysroot_linux-64 2.17.*
 │ │    - ninja
 │ │    - python 3.12.* *_cpython
 │ │    - setuptools
 │ │    - git
 │ │    - git-lfs
 │ │    - patch
 │ │    - make
 │ │    - coreutils
 │ │    - cmake 3.*
 │ │    - cython
 │ │ 
 │ │ ╭──────────────────────────┬──────────────┬──────────────────────┬─────────────┬────────────╮
 │ │ │ Package                  ┆ Version      ┆ Build                ┆ Channel     ┆       Size │
 │ │ ╞══════════════════════════╪══════════════╪══════════════════════╪═════════════╪════════════╡
 │ │ │ _openmp_mutex            ┆ 4.5          ┆ 20_gnu               ┆ conda-forge ┆  28.27 KiB │
 │ │ │ binutils_impl_linux-64   ┆ 2.46.1       ┆ default_hfdba357_102 ┆ conda-forge ┆   3.54 MiB │
 │ │ │ binutils_linux-64        ┆ 2.46.1       ┆ default_h4852527_102 ┆ conda-forge ┆  35.49 KiB │
 │ │ │ bzip2                    ┆ 1.0.8        ┆ hda65f42_10          ┆ conda-forge ┆ 251.77 KiB │
 │ │ │ c-ares                   ┆ 1.34.8       ┆ hebe6cf0_2           ┆ conda-forge ┆ 223.34 KiB │
 │ │ │ ca-certificates          ┆ 2026.7.22    ┆ hbd8a1cb_0           ┆ conda-forge ┆ 128.69 KiB │
 │ │ │ cmake                    ┆ 3.31.8       ┆ hc85cc9f_0           ┆ conda-forge ┆  20.02 MiB │
 │ │ │ coreutils                ┆ 9.11         ┆ h280c20c_0           ┆ conda-forge ┆   3.27 MiB │
 │ │ │ cython                   ┆ 3.3.0        ┆ py312h03570ca_0      ┆ conda-forge ┆   3.83 MiB │
 │ │ │ gcc_impl_linux-64        ┆ 14.4.0       ┆ heaf7ae8_4           ┆ conda-forge ┆  73.68 MiB │
 │ │ │ gcc_linux-64             ┆ 14.4.0       ┆ hc469d41_1           ┆ conda-forge ┆  29.09 KiB │
 │ │ │ git                      ┆ 2.55.0       ┆ pl5321h3795e67_2     ┆ conda-forge ┆  11.23 MiB │
 │ │ │ git-lfs                  ┆ 3.8.0        ┆ h2c09266_0           ┆ conda-forge ┆   4.83 MiB │
 │ │ │ gxx_impl_linux-64        ┆ 14.4.0       ┆ hc436dd5_4           ┆ conda-forge ┆  15.13 MiB │
 │ │ │ gxx_linux-64             ┆ 14.4.0       ┆ he93183a_1           ┆ conda-forge ┆  27.50 KiB │
 │ │ │ icu                      ┆ 78.3         ┆ py310h44b86e0_2      ┆ conda-forge ┆  13.79 MiB │
 │ │ │ kernel-headers_linux-64  ┆ 3.10.0       ┆ he073ed8_18          ┆ conda-forge ┆ 921.37 KiB │
 │ │ │ keyutils                 ┆ 1.6.3        ┆ h7cc23a3_1           ┆ conda-forge ┆ 132.12 KiB │
 │ │ │ krb5                     ┆ 1.22.2       ┆ hbc21106_2           ┆ conda-forge ┆   1.33 MiB │
 │ │ │ ld_impl_linux-64         ┆ 2.46.1       ┆ default_hbd61a6d_102 ┆ conda-forge ┆ 727.83 KiB │
 │ │ │ libcurl                  ┆ 8.22.0       ┆ ha042cf0_0           ┆ conda-forge ┆ 487.94 KiB │
 │ │ │ libedit                  ┆ 3.1.20250104 ┆ pl5321h373387f_1     ┆ conda-forge ┆ 131.93 KiB │
 │ │ │ libev                    ┆ 4.33         ┆ h280c20c_3           ┆ conda-forge ┆  42.21 KiB │
 │ │ │ libexpat                 ┆ 2.8.1        ┆ hecca717_1           ┆ conda-forge ┆  76.03 KiB │
 │ │ │ libffi                   ┆ 3.7.0        ┆ h81df57d_1           ┆ conda-forge ┆  66.41 KiB │
 │ │ │ libgcc                   ┆ 16.2.0       ┆ ha9f2e26_4           ┆ conda-forge ┆   1.01 MiB │
 │ │ │ libgcc-devel_linux-64    ┆ 14.4.0       ┆ hd9a9cd0_104         ┆ conda-forge ┆   2.95 MiB │
 │ │ │ libgomp                  ┆ 16.2.0       ┆ he0feb66_4           ┆ conda-forge ┆ 624.97 KiB │
 │ │ │ libiconv                 ┆ 1.18         ┆ h0cb94f2_3           ┆ conda-forge ┆ 770.97 KiB │
 │ │ │ liblzma                  ┆ 5.8.3        ┆ hb03c661_1           ┆ conda-forge ┆ 110.35 KiB │
 │ │ │ libnghttp2               ┆ 1.68.1       ┆ h74cf4be_1           ┆ conda-forge ┆ 634.74 KiB │
 │ │ │ libnsl                   ┆ 2.0.1        ┆ hb9d3cd8_1           ┆ conda-forge ┆  32.94 KiB │
 │ │ │ libpsl                   ┆ 0.23.1       ┆ hd9e3e90_1           ┆ conda-forge ┆  70.82 KiB │
 │ │ │ libpython                ┆ 3.12.14      ┆ h0c77377_3_cpython   ┆ conda-forge ┆   8.36 MiB │
 │ │ │ libsanitizer             ┆ 14.4.0       ┆ hf39dbba_4           ┆ conda-forge ┆   7.15 MiB │
 │ │ │ libsqlite                ┆ 3.53.4       ┆ h13e7031_1           ┆ conda-forge ┆ 951.51 KiB │
 │ │ │ libssh2                  ┆ 1.11.1       ┆ h6154650_1           ┆ conda-forge ┆ 298.87 KiB │
 │ │ │ libstdcxx                ┆ 16.2.0       ┆ h934c35e_4           ┆ conda-forge ┆   6.31 MiB │
 │ │ │ libstdcxx-devel_linux-64 ┆ 14.4.0       ┆ ha5b54cb_104         ┆ conda-forge ┆  19.47 MiB │
 │ │ │ libuuid                  ┆ 2.42.3       ┆ hcfc3c73_0           ┆ conda-forge ┆  39.06 KiB │
 │ │ │ libuv                    ┆ 1.52.1       ┆ h280c20c_1           ┆ conda-forge ┆ 410.20 KiB │
 │ │ │ libxcrypt                ┆ 4.4.38       ┆ h280c20c_0           ┆ conda-forge ┆  99.57 KiB │
 │ │ │ libzlib                  ┆ 1.3.2        ┆ h25fd6f3_3           ┆ conda-forge ┆  62.22 KiB │
 │ │ │ make                     ┆ 4.4.1        ┆ hb03c661_3           ┆ conda-forge ┆ 498.73 KiB │
 │ │ │ ncurses                  ┆ 6.6          ┆ hdb14827_1           ┆ conda-forge ┆ 889.84 KiB │
 │ │ │ ninja                    ┆ 1.13.2       ┆ h171cf75_1           ┆ conda-forge ┆ 182.39 KiB │
 │ │ │ openssl                  ┆ 3.6.4        ┆ h781a0a9_0           ┆ conda-forge ┆   3.05 MiB │
 │ │ │ patch                    ┆ 2.8          ┆ h280c20c_1003        ┆ conda-forge ┆ 107.65 KiB │
 │ │ │ pcre2                    ┆ 10.47        ┆ h8b3dc9c_1           ┆ conda-forge ┆   1.16 MiB │
 │ │ │ perl                     ┆ 5.32.1       ┆ 9_h7cc23a3_perl5     ┆ conda-forge ┆  12.76 MiB │
 │ │ │ python                   ┆ 3.12.14      ┆ h5f976f7_3_cpython   ┆ conda-forge ┆  21.98 MiB │
 │ │ │ python_abi               ┆ 3.12         ┆ 9_cp312              ┆ conda-forge ┆   6.59 KiB │
 │ │ │ readline                 ┆ 8.3          ┆ hd6e31c0_1           ┆ conda-forge ┆ 340.72 KiB │
 │ │ │ rhash                    ┆ 1.4.6        ┆ hb03c661_2           ┆ conda-forge ┆ 190.42 KiB │
 │ │ │ setuptools               ┆ 84.0.0       ┆ pyh332efcf_0         ┆ conda-forge ┆ 512.20 KiB │
 │ │ │ sysroot_linux-64         ┆ 2.17         ┆ h0157908_18          ┆ conda-forge ┆  14.46 MiB │
 │ │ │ tk                       ┆ 8.6.13       ┆ noxft_h1df4ec4_4     ┆ conda-forge ┆   3.40 MiB │
 │ │ │ tzdata                   ┆ 2026c        ┆ h151e31d_0           ┆ conda-forge ┆ 116.06 KiB │
 │ │ │ zstd                     ┆ 1.5.7        ┆ hb78ec9c_7           ┆ conda-forge ┆ 587.21 KiB │
 │ │ ╰──────────────────────────┴──────────────┴──────────────────────┴─────────────┴────────────╯
 │ │
 │ ╰─────────────────── (took 2 seconds)
 │
 │ ╭─ Resolving host environment
 │ │   Platform: linux-64 [__unix=0=0, __linux=6.8.0=0, __glibc=2.35=0, __archspec=1=icelake]
 │ │   Channels: 
 │ │    - file:///home/ubuntu/work/output/
 │ │    - file:///home/ubuntu/work/output/
 │ │    - https://prefix.dev/conda-forge/
 │ │    - robostack-staging
 │ │   Specs:
 │ │    - pkg-config
 │ │    - numpy 2.*
 │ │    - pip
 │ │    - pytest
 │ │    - python 3.12.* *_cpython
 │ │    - ros-humble-ament-copyright
 │ │    - ros-humble-ament-flake8
 │ │    - ros-humble-ament-pep257
 │ │    - ros-humble-ros-environment
 │ │    - ros-humble-ros-workspace
 │ │    - ros2-distro-mutex 0.8.* humble_*
 │ │    - setuptools
 │ │    - libgcc >=14
 │ │    - libstdcxx >=14
 │ │    - libgcc >=14
 │ │    - __glibc >=2.17,<3.0.a0
 │ │ 
 │ │ ╭────────────────────────────┬───────────┬──────────────────────┬───────────────────┬────────────╮
 │ │ │ Package                    ┆ Version   ┆ Build                ┆ Channel           ┆       Size │
 │ │ ╞════════════════════════════╪═══════════╪══════════════════════╪═══════════════════╪════════════╡
 │ │ │ _openmp_mutex              ┆ 4.5       ┆ 20_gnu               ┆ conda-forge       ┆  28.27 KiB │
 │ │ │ bzip2                      ┆ 1.0.8     ┆ hda65f42_10          ┆ conda-forge       ┆ 251.77 KiB │
 │ │ │ ca-certificates            ┆ 2026.7.22 ┆ hbd8a1cb_0           ┆ conda-forge       ┆ 128.69 KiB │
 │ │ │ colorama                   ┆ 0.4.6     ┆ pyhd8ed1ab_1         ┆ conda-forge       ┆  26.38 KiB │
 │ │ │ exceptiongroup             ┆ 1.3.1     ┆ pyhd8ed1ab_0         ┆ conda-forge       ┆  20.83 KiB │
 │ │ │ flake8                     ┆ 7.3.0     ┆ pyhd8ed1ab_0         ┆ conda-forge       ┆ 109.29 KiB │
 │ │ │ icu                        ┆ 78.3      ┆ py310h44b86e0_2      ┆ conda-forge       ┆  13.79 MiB │
 │ │ │ importlib-metadata         ┆ 9.0.1     ┆ pyhcf101f3_0         ┆ conda-forge       ┆  34.10 KiB │
 │ │ │ iniconfig                  ┆ 2.3.0     ┆ pyhd8ed1ab_0         ┆ conda-forge       ┆  13.07 KiB │
 │ │ │ ld_impl_linux-64           ┆ 2.46.1    ┆ default_hbd61a6d_102 ┆ conda-forge       ┆ 727.83 KiB │
 │ │ │ libblas                    ┆ 3.11.0    ┆ 11_h4a7cf45_openblas ┆ conda-forge       ┆  17.82 KiB │
 │ │ │ libcblas                   ┆ 3.11.0    ┆ 11_h0358290_openblas ┆ conda-forge       ┆  17.77 KiB │
 │ │ │ libexpat                   ┆ 2.8.1     ┆ hecca717_1           ┆ conda-forge       ┆  76.03 KiB │
 │ │ │ libffi                     ┆ 3.7.0     ┆ h81df57d_1           ┆ conda-forge       ┆  66.41 KiB │
 │ │ │ libgcc                     ┆ 16.2.0    ┆ ha9f2e26_4           ┆ conda-forge       ┆   1.01 MiB │
 │ │ │ libgfortran                ┆ 16.2.0    ┆ h69a702a_4           ┆ conda-forge       ┆  27.71 KiB │
 │ │ │ libgfortran5               ┆ 16.2.0    ┆ h6b99dfc_4           ┆ conda-forge       ┆   2.41 MiB │
 │ │ │ libgomp                    ┆ 16.2.0    ┆ he0feb66_4           ┆ conda-forge       ┆ 624.97 KiB │
 │ │ │ liblapack                  ┆ 3.11.0    ┆ 11_h47877c9_openblas ┆ conda-forge       ┆  17.80 KiB │
 │ │ │ liblzma                    ┆ 5.8.3     ┆ hb03c661_1           ┆ conda-forge       ┆ 110.35 KiB │
 │ │ │ libnsl                     ┆ 2.0.1     ┆ hb9d3cd8_1           ┆ conda-forge       ┆  32.94 KiB │
 │ │ │ libopenblas                ┆ 0.3.34    ┆ pthreads_hf13c14d_2  ┆ conda-forge       ┆   6.53 MiB │
 │ │ │ libpython                  ┆ 3.12.14   ┆ h0c77377_3_cpython   ┆ conda-forge       ┆   8.36 MiB │
 │ │ │ libsqlite                  ┆ 3.53.4    ┆ h13e7031_1           ┆ conda-forge       ┆ 951.51 KiB │
 │ │ │ libstdcxx                  ┆ 16.2.0    ┆ h934c35e_4           ┆ conda-forge       ┆   6.31 MiB │
 │ │ │ libuuid                    ┆ 2.42.3    ┆ hcfc3c73_0           ┆ conda-forge       ┆  39.06 KiB │
 │ │ │ libxcrypt                  ┆ 4.4.38    ┆ h280c20c_0           ┆ conda-forge       ┆  99.57 KiB │
 │ │ │ libzlib                    ┆ 1.3.2     ┆ h25fd6f3_3           ┆ conda-forge       ┆  62.22 KiB │
 │ │ │ mccabe                     ┆ 0.7.0     ┆ pyhd8ed1ab_1         ┆ conda-forge       ┆  12.63 KiB │
 │ │ │ ncurses                    ┆ 6.6       ┆ hdb14827_1           ┆ conda-forge       ┆ 889.84 KiB │
 │ │ │ numpy                      ┆ 2.5.3     ┆ py312he827f4e_0      ┆ conda-forge       ┆   8.80 MiB │
 │ │ │ openssl                    ┆ 3.6.4     ┆ h781a0a9_0           ┆ conda-forge       ┆   3.05 MiB │
 │ │ │ packaging                  ┆ 26.3      ┆ pyhc364b38_0         ┆ conda-forge       ┆ 113.64 KiB │
 │ │ │ pip                        ┆ 26.2.1    ┆ pyh8b19718_0         ┆ conda-forge       ┆   1.14 MiB │
 │ │ │ pkg-config                 ┆ 0.29.2    ┆ h1114479_1013        ┆ conda-forge       ┆ 138.06 KiB │
 │ │ │ pluggy                     ┆ 1.6.0     ┆ pyhf9edf01_1         ┆ conda-forge       ┆  25.27 KiB │
 │ │ │ pycodestyle                ┆ 2.14.0    ┆ pyhd8ed1ab_0         ┆ conda-forge       ┆  34.36 KiB │
 │ │ │ pydocstyle                 ┆ 6.3.0     ┆ pyhd8ed1ab_1         ┆ conda-forge       ┆  39.29 KiB │
 │ │ │ pyflakes                   ┆ 3.4.0     ┆ pyhd8ed1ab_0         ┆ conda-forge       ┆  58.20 KiB │
 │ │ │ pygments                   ┆ 2.21.0    ┆ pyhcf101f3_0         ┆ conda-forge       ┆ 936.89 KiB │
 │ │ │ pytest                     ┆ 9.1.1     ┆ pyhc364b38_2         ┆ conda-forge       ┆ 299.54 KiB │
 │ │ │ python                     ┆ 3.12.14   ┆ h5f976f7_3_cpython   ┆ conda-forge       ┆  21.98 MiB │
 │ │ │ python_abi                 ┆ 3.12      ┆ 9_cp312              ┆ conda-forge       ┆   6.59 KiB │
 │ │ │ readline                   ┆ 8.3       ┆ hd6e31c0_1           ┆ conda-forge       ┆ 340.72 KiB │
 │ │ │ ros-humble-ament-copyright ┆ 0.12.15   ┆ np2py312h2ed9cc7_15  ┆ robostack-staging ┆  62.22 KiB │
 │ │ │ ros-humble-ament-flake8    ┆ 0.12.15   ┆ np2py312h2ed9cc7_15  ┆ robostack-staging ┆  27.35 KiB │
 │ │ │ ros-humble-ament-lint      ┆ 0.12.15   ┆ np2py312h2ed9cc7_15  ┆ robostack-staging ┆  16.12 KiB │
 │ │ │ ros-humble-ament-pep257    ┆ 0.12.15   ┆ np2py312h2ed9cc7_15  ┆ robostack-staging ┆  25.43 KiB │
 │ │ │ ros-humble-ros-environment ┆ 3.2.2     ┆ np2py312h2ed9cc7_15  ┆ robostack-staging ┆  21.12 KiB │
 │ │ │ ros-humble-ros-workspace   ┆ 1.0.2     ┆ np2py312h2ed9cc7_15  ┆ robostack-staging ┆  34.75 KiB │
 │ │ │ ros2-distro-mutex          ┆ 0.8.0     ┆ humble_15            ┆ robostack-staging ┆   2.32 KiB │
 │ │ │ setuptools                 ┆ 84.0.0    ┆ pyh332efcf_0         ┆ conda-forge       ┆ 512.20 KiB │
 │ │ │ snowballstemmer            ┆ 3.1.1     ┆ pyhd8ed1ab_0         ┆ conda-forge       ┆  72.71 KiB │
 │ │ │ tk                         ┆ 8.6.13    ┆ noxft_h1df4ec4_4     ┆ conda-forge       ┆   3.40 MiB │
 │ │ │ tomli                      ┆ 2.4.1     ┆ pyhcf101f3_0         ┆ conda-forge       ┆  21.06 KiB │
 │ │ │ typing_extensions          ┆ 4.16.0    ┆ pyhcf101f3_0         ┆ conda-forge       ┆  51.40 KiB │
 │ │ │ tzdata                     ┆ 2026c     ┆ h151e31d_0           ┆ conda-forge       ┆ 116.06 KiB │
 │ │ │ wheel                      ┆ 0.48.0    ┆ pyhd8ed1ab_0         ┆ conda-forge       ┆  33.72 KiB │
 │ │ │ zipp                       ┆ 4.1.0     ┆ pyhcf101f3_0         ┆ conda-forge       ┆  23.62 KiB │
 │ │ │ zstd                       ┆ 1.5.7     ┆ hb78ec9c_7           ┆ conda-forge       ┆ 587.21 KiB │
 │ │ ╰────────────────────────────┴───────────┴──────────────────────┴───────────────────┴────────────╯
 │ │
 │ ╰─────────────────── (took 0 seconds)
 │ 
 │ Finalized run dependencies (ros-humble-rtabmap-python-0.22.1-np2py312h2ed9cc7_18):
 │ ╭──────────────────────────┬────────────────────────────────────────────────────╮
 │ │ Name                     ┆ Spec                                               │
 │ ╞══════════════════════════╪════════════════════════════════════════════════════╡
 │ │ Run dependencies         ┆                                                    │
 │ │ __glibc                  ┆ >=2.17,<3.0.a0 (RE of [build: sysroot_linux-64])   │
 │ │ libgcc                   ┆ >=14 (RE of [build: gcc_linux-64])                 │
 │ │                          ┆ >=14 (RE of [build: gxx_linux-64])                 │
 │ │ libstdcxx                ┆ >=14 (RE of [build: gxx_linux-64])                 │
 │ │ numpy                    ┆ >=1.25,<3 (RE of [host: numpy])                    │
 │ │ python                   ┆ *                                                  │
 │ │ python_abi               ┆ 3.12.* *_cp312 (RE of [host: python])              │
 │ │ ros-humble-ros-workspace ┆ *                                                  │
 │ │ ros2-distro-mutex        ┆ 0.8.* humble_*                                     │
 │ │                          ┆ >=0.8.0,<0.9.0a0 (RE of [host: ros2-distro-mutex]) │
 │ ╰──────────────────────────┴────────────────────────────────────────────────────╯
 │
 │ ╭─ Installing build environment
 │ │ ✔ Successfully updated the build environment
 │ │
 │ ╰─────────────────── (took 0 seconds)
 │
 │ ╭─ Installing host environment
 │ │ ✔ Successfully updated the host environment
 │ │
 │ ╰─────────────────── (took 0 seconds)
 │
 │ ╭─ Running build script
 │ │ INFO: activate-binutils_linux-64.sh made the following environmental changes:
 │ │ +ADDR2LINE=x86_64-conda-linux-gnu-addr2line
 │ │ +AR=x86_64-conda-linux-gnu-ar
 │ │ +AS=x86_64-conda-linux-gnu-as
 │ │ +CXXFILT=x86_64-conda-linux-gnu-c++filt
 │ │ +ELFEDIT=x86_64-conda-linux-gnu-elfedit
 │ │ +GPROF=x86_64-conda-linux-gnu-gprof
 │ │ +LD=x86_64-conda-linux-gnu-ld
 │ │ +NM=x86_64-conda-linux-gnu-nm
 │ │ +OBJCOPY=x86_64-conda-linux-gnu-objcopy
 │ │ +OBJDUMP=x86_64-conda-linux-gnu-objdump
 │ │ +RANLIB=x86_64-conda-linux-gnu-ranlib
 │ │ +READELF=x86_64-conda-linux-gnu-readelf
 │ │ +SIZE=x86_64-conda-linux-gnu-size
 │ │ +STRINGS=x86_64-conda-linux-gnu-strings
 │ │ +STRIP=x86_64-conda-linux-gnu-strip
 │ │ INFO: activate-gcc_linux-64.sh made the following environmental changes:
 │ │ +BUILD=x86_64-conda-linux-gnu
 │ │ +CC=x86_64-conda-linux-gnu-cc
 │ │ +CC_FOR_BUILD=x86_64-conda-linux-gnu-cc
 │ │ +CFLAGS=-march=nocona -mtune=haswell -ftree-vectorize -fPIC -fstack-protector-strong -fno-plt -O2 -ffunction-sections -pipe -fno-merge-constants -isystem $
 │ │ PREFIX/include -fdebug-prefix-map=$SRC_DIR=/usr/local/src/conda/ros-humble-rtabmap-python-0.22.1 -fdebug-prefix-map=$PREFIX=/usr/local/src/conda-prefix
 │ │ +CMAKE_ARGS=-DCMAKE_AR=$BUILD_PREFIX/bin/x86_64-conda-linux-gnu-ar -DCMAKE_CXX_COMPILER_AR=$BUILD_PREFIX/bin/x86_64-conda-linux-gnu-gcc-ar -DCMAKE_C_COMPIL
 │ │ ER_AR=$BUILD_PREFIX/bin/x86_64-conda-linux-gnu-gcc-ar -DCMAKE_RANLIB=$BUILD_PREFIX/bin/x86_64-conda-linux-gnu-ranlib -DCMAKE_CXX_COMPILER_RANLIB=$BUILD_PRE
 │ │ FIX/bin/x86_64-conda-linux-gnu-gcc-ranlib -DCMAKE_C_COMPILER_RANLIB=$BUILD_PREFIX/bin/x86_64-conda-linux-gnu-gcc-ranlib -DCMAKE_LINKER=$BUILD_PREFIX/bin/x8
 │ │ 6_64-conda-linux-gnu-ld -DCMAKE_STRIP=$BUILD_PREFIX/bin/x86_64-conda-linux-gnu-strip -DCMAKE_BUILD_TYPE=Release -DCMAKE_FIND_ROOT_PATH_MODE_PROGRAM=NEVER -
 │ │ DCMAKE_FIND_ROOT_PATH_MODE_LIBRARY=ONLY -DCMAKE_FIND_ROOT_PATH_MODE_INCLUDE=ONLY -DCMAKE_FIND_ROOT_PATH=$PREFIX;$BUILD_PREFIX/x86_64-conda-linux-gnu/sysroo
 │ │ t -DCMAKE_INSTALL_PREFIX=$PREFIX -DCMAKE_INSTALL_LIBDIR=lib -DCMAKE_PROGRAM_PATH=$BUILD_PREFIX/bin;$PREFIX/bin -DCMAKE_POLICY_DEFAULT_CMP0094=NEW
 │ │ +CMAKE_PREFIX_PATH=$PREFIX:$BUILD_PREFIX/x86_64-conda-linux-gnu/sysroot/usr
 │ │ +CONDA_BUILD_CROSS_COMPILATION=
 │ │ +CONDA_BUILD_SYSROOT=$BUILD_PREFIX/x86_64-conda-linux-gnu/sysroot
 │ │ +CONDA_TOOLCHAIN_BUILD=x86_64-conda-linux-gnu
 │ │ +CONDA_TOOLCHAIN_HOST=x86_64-conda-linux-gnu
 │ │ +CPP=x86_64-conda-linux-gnu-cpp
 │ │ +CPPFLAGS=-DNDEBUG -D_FORTIFY_SOURCE=2 -O2 -isystem $PREFIX/include
 │ │ +CPP_FOR_BUILD=x86_64-conda-linux-gnu-cpp
 │ │ +DEBUG_CFLAGS=-march=nocona -mtune=haswell -ftree-vectorize -fPIC -fstack-protector-all -fno-plt -Og -g -Wall -Wextra -fvar-tracking-assignments -ffunction
 │ │ -sections -pipe -fno-merge-constants -isystem $PREFIX/include -fdebug-prefix-map=$SRC_DIR=/usr/local/src/conda/ros-humble-rtabmap-python-0.22.1 -fdebug-pre
 │ │ fix-map=$PREFIX=/usr/local/src/conda-prefix
 │ │ +DEBUG_CPPFLAGS=-D_DEBUG -D_FORTIFY_SOURCE=2 -Og -isystem $PREFIX/include
 │ │ +GCC=x86_64-conda-linux-gnu-gcc
 │ │ +GCC_AR=x86_64-conda-linux-gnu-gcc-ar
 │ │ +GCC_NM=x86_64-conda-linux-gnu-gcc-nm
 │ │ +GCC_RANLIB=x86_64-conda-linux-gnu-gcc-ranlib
 │ │ +HOST=x86_64-conda-linux-gnu
 │ │ +LDFLAGS=-Wl,-O2 -Wl,--sort-common -Wl,--as-needed -Wl,-z,relro -Wl,-z,now -Wl,--disable-new-dtags -Wl,--gc-sections -Wl,--allow-shlib-undefined -Wl,-rpath
 │ │ ,$PREFIX/lib -Wl,-rpath-link,$PREFIX/lib -L$PREFIX/lib
 │ │ +LDFLAGS_LD=-O2 --sort-common --as-needed -z relro -z now --disable-new-dtags --gc-sections --allow-shlib-undefined -rpath $PREFIX/lib -rpath-link $PREFIX/
 │ │ lib -L$PREFIX/lib
 │ │ +MESON_ARGS=-Dbuildtype=release --prefix=$PREFIX -Dlibdir=lib
 │ │ +build_alias=x86_64-conda-linux-gnu
 │ │ +host_alias=x86_64-conda-linux-gnu
 │ │ -BUILD=x86_64-conda_cos6-linux-gnu
 │ │ -CONDA_BUILD_CROSS_COMPILATION=0
 │ │ INFO: activate-gxx_linux-64.sh made the following environmental changes:
 │ │ +CXX=x86_64-conda-linux-gnu-c++
 │ │ +CXXFLAGS=-fvisibility-inlines-hidden -fmessage-length=0 -march=nocona -mtune=haswell -ftree-vectorize -fPIC -fstack-protector-strong -fno-plt -O2 -ffuncti
 │ │ on-sections -pipe -fno-merge-constants -isystem $PREFIX/include -fdebug-prefix-map=$SRC_DIR=/usr/local/src/conda/ros-humble-rtabmap-python-0.22.1 -fdebug-p
 │ │ refix-map=$PREFIX=/usr/local/src/conda-prefix
 │ │ +CXX_FOR_BUILD=x86_64-conda-linux-gnu-c++
 │ │ +DEBUG_CXXFLAGS=-fvisibility-inlines-hidden -fmessage-length=0 -march=nocona -mtune=haswell -ftree-vectorize -fPIC -fstack-protector-all -fno-plt -Og -g -W
 │ │ all -Wextra -fvar-tracking-assignments -ffunction-sections -pipe -fno-merge-constants -isystem $PREFIX/include -fdebug-prefix-map=$SRC_DIR=/usr/local/src/c
 │ │ onda/ros-humble-rtabmap-python-0.22.1 -fdebug-prefix-map=$PREFIX=/usr/local/src/conda-prefix
 │ │ +GXX=x86_64-conda-linux-gnu-g++
 │ │ + /home/ubuntu/work/ros-humble/recipes/ros-humble-rtabmap-python/build_ament_python.sh
 │ │ ~/ros-humble-rtabmap-python/src/work ~
 │ │ WARNING: setup.cfg not set, will set INSTALL_SCRIPTS_ARG to: --install-scripts=$PREFIX/lib/rtabmap_python
 │ │ $PREFIX/lib/python3.12/site-packages/setuptools/_distutils/dist.py:318: UserWarning: Unknown distribution option: 'tests_require'
 │ │   warnings.warn(msg)
 │ │ running install
 │ │ $PREFIX/lib/python3.12/site-packages/setuptools/_distutils/cmd.py:90: SetuptoolsDeprecationWarning: setup.py install is deprecated.
 │ │ !!
 │ │         ********************************************************************************
 │ │         Please avoid running ``setup.py`` directly.
 │ │         Instead, use pypa/build, pypa/installer or other
 │ │         standards-based tools.
 │ │         This deprecation is overdue, please update your project and remove deprecated
 │ │         calls to avoid build errors in the future.
 │ │         See https://blog.ganssle.io/articles/2021/10/setup-py-deprecated.html for details.
 │ │         ********************************************************************************
 │ │ !!
 │ │   self.initialize_options()
 │ │ running build
 │ │ running build_py
 │ │ creating build/lib/rtabmap_python
 │ │ copying rtabmap_python/compression.py -> build/lib/rtabmap_python
 │ │ copying rtabmap_python/__init__.py -> build/lib/rtabmap_python
 │ │ running install_lib
 │ │ creating $PREFIX/lib/python3.12/site-packages/rtabmap_python
 │ │ copying build/lib/rtabmap_python/compression.py -> $PREFIX/lib/python3.12/site-packages/rtabmap_python
 │ │ copying build/lib/rtabmap_python/__init__.py -> $PREFIX/lib/python3.12/site-packages/rtabmap_python
 │ │ byte-compiling $PREFIX/lib/python3.12/site-packages/rtabmap_python/compression.py to compression.cpython-312.pyc
 │ │ byte-compiling $PREFIX/lib/python3.12/site-packages/rtabmap_python/__init__.py to __init__.cpython-312.pyc
 │ │ running install_data
 │ │ copying resource/rtabmap_python -> $PREFIX/share/ament_index/resource_index/packages
 │ │ creating $PREFIX/share/rtabmap_python
 │ │ copying package.xml -> $PREFIX/share/rtabmap_python
 │ │ running install_egg_info
 │ │ running egg_info
 │ │ creating rtabmap_python.egg-info
 │ │ writing rtabmap_python.egg-info/PKG-INFO
 │ │ writing dependency_links to rtabmap_python.egg-info/dependency_links.txt
 │ │ writing requirements to rtabmap_python.egg-info/requires.txt
 │ │ writing top-level names to rtabmap_python.egg-info/top_level.txt
 │ │ writing manifest file 'rtabmap_python.egg-info/SOURCES.txt'
 │ │ reading manifest file 'rtabmap_python.egg-info/SOURCES.txt'
 │ │ writing manifest file 'rtabmap_python.egg-info/SOURCES.txt'
 │ │ Copying rtabmap_python.egg-info to $PREFIX/lib/python3.12/site-packages/rtabmap_python-0.1.0-py3.12.egg-info
 │ │ running install_scripts
 │ │ writing list of installed files to 'files.txt'
 │ │
 │ ╰─────────────────── (took 1 second)
 │
 │ ╭─ Packaging new files
 │ │ Copying done!
 │ │ Post-processing done!
 │ │ Writing test files
 │ │ Writing metadata for package
 │ │ Copying license files
 │ │ Copying recipe files
 │ │ 
 │ │ Files in package:
 │ │   ├─ lib/python3.12/site-packages/rtabmap_python/__init__.py (2 B)
 │ │   ├─ lib/python3.12/site-packages/rtabmap_python/__pycache__/__init__.cpython-312.pyc (411 B)
 │ │   ├─ lib/python3.12/site-packages/rtabmap_python/__pycache__/compression.cpython-312.pyc (2.08 KiB)
 │ │   ├─ lib/python3.12/site-packages/rtabmap_python/compression.py (1.03 KiB)
 │ │   ├─ lib/python3.12/site-packages/rtabmap_python-0.1.0-py3.12.egg-info/PKG-INFO (299 B)
 │ │   ├─ lib/python3.12/site-packages/rtabmap_python-0.1.0-py3.12.egg-info/SOURCES.txt (396 B)
 │ │   ├─ lib/python3.12/site-packages/rtabmap_python-0.1.0-py3.12.egg-info/dependency_links.txt (1 B)
 │ │   ├─ lib/python3.12/site-packages/rtabmap_python-0.1.0-py3.12.egg-info/requires.txt (11 B)
 │ │   ├─ lib/python3.12/site-packages/rtabmap_python-0.1.0-py3.12.egg-info/top_level.txt (15 B)
 │ │   ├─ lib/python3.12/site-packages/rtabmap_python-0.1.0-py3.12.egg-info/zip-safe (1 B)
 │ │   ├─ share/ament_index/resource_index/packages/rtabmap_python (0 B)
 │ │   ├─ share/rtabmap_python/package.xml (803 B)
 │ │   ├─ info/about.json (352 B)
 │ │   ├─ info/hash_input.json (274 B)
 │ │   ├─ info/index.json (520 B)
 │ │   ├─ info/paths.json (2.88 KiB)
 │ │   ├─ info/recipe/bld_ament_python.bat (875 B)
 │ │   ├─ info/recipe/build_ament_python.sh (790 B)
 │ │   ├─ info/recipe/recipe.yaml (2.03 KiB)
 │ │   ├─ info/recipe/rendered_recipe.yaml (88.81 KiB)
 │ │   ├─ info/recipe/variant_config.yaml (227 B)
 │ │   └─ info/tests/tests.yaml (3 B)
 │ │ 
 │ │ Package statistics: 22 files (12 content, 10 metadata), total size: 101.70 KiB
 │ │ Largest files:
 │ │   2.08 KiB - lib/python3.12/site-packages/rtabmap_python/__pycache__/compression.cpython-312.pyc
 │ │   1.03 KiB - lib/python3.12/site-packages/rtabmap_python/compression.py
 │ │   803 B - share/rtabmap_python/package.xml
 │ │   411 B - lib/python3.12/site-packages/rtabmap_python/__pycache__/__init__.cpython-312.pyc
 │ │   396 B - lib/python3.12/site-packages/rtabmap_python-0.1.0-py3.12.egg-info/SOURCES.txt
 │ │ Creating target folder '/home/ubuntu/work/output/linux-64'
 │ │ Compressing archive...
 │ │ Archive written to '/home/ubuntu/work/output/linux-64/ros-humble-rtabmap-python-0.22.1-np2py312h2ed9cc7_18.conda'
 │ │
 │ ╰─────────────────── (took 0 seconds)
 │
 ╰─────────────────── (took 5 seconds)
 Collecting tests from '/tmp/.tmpKF3CWA/ros-humble-rtabmap-python-0.22.1-np2py312h2ed9cc7_18'
 ✔ all tests passed!

 ╭─ Build summary
 │
 │ ╭─ Build summary for recipe: ros-humble-rtabmap-python-0.22.1-np2py312h2ed9cc7_18
 │ │ Variant configuration (hash: np2py312h2ed9cc7_18):
 │ │ ╭──────────────────────┬────────────────────╮
 │ │ │ build_platform       ┆ "linux-64"         │
 │ │ │ c_compiler           ┆ "gcc"              │
 │ │ │ c_compiler_version   ┆ "14"               │
 │ │ │ c_stdlib             ┆ "sysroot"          │
 │ │ │ c_stdlib_version     ┆ "2.17"             │
 │ │ │ cmake                ┆ "3.*"              │
 │ │ │ cxx_compiler         ┆ "gxx"              │
 │ │ │ cxx_compiler_version ┆ "14"               │
 │ │ │ numpy                ┆ "2"                │
 │ │ │ python               ┆ "3.12.* *_cpython" │
 │ │ │ target_platform      ┆ "linux-64"         │
 │ │ ╰──────────────────────┴────────────────────╯
 │ │ 
 │ │ Build dependencies:
 │ │ ╭──────────────────────────┬─────────────────────────────┬──────────────┬──────────────────────┬─────────────┬────────────╮
 │ │ │ Package                  ┆ Spec                        ┆ Version      ┆ Build                ┆ Channel     ┆       Size │
 │ │ ╞══════════════════════════╪═════════════════════════════╪══════════════╪══════════════════════╪═════════════╪════════════╡
 │ │ │ cmake                    ┆ cmake 3.* (V)               ┆ 3.31.8       ┆ hc85cc9f_0           ┆ conda-forge ┆  20.02 MiB │
 │ │ │ coreutils                ┆ coreutils                   ┆ 9.11         ┆ h280c20c_0           ┆ conda-forge ┆   3.27 MiB │
 │ │ │ cython                   ┆ cython                      ┆ 3.3.0        ┆ py312h03570ca_0      ┆ conda-forge ┆   3.83 MiB │
 │ │ │ gcc_linux-64             ┆ gcc_linux-64 14.*           ┆ 14.4.0       ┆ hc469d41_1           ┆ conda-forge ┆  29.09 KiB │
 │ │ │ git                      ┆ git                         ┆ 2.55.0       ┆ pl5321h3795e67_2     ┆ conda-forge ┆  11.23 MiB │
 │ │ │ git-lfs                  ┆ git-lfs                     ┆ 3.8.0        ┆ h2c09266_0           ┆ conda-forge ┆   4.83 MiB │
 │ │ │ gxx_linux-64             ┆ gxx_linux-64 14.*           ┆ 14.4.0       ┆ he93183a_1           ┆ conda-forge ┆  27.50 KiB │
 │ │ │ make                     ┆ make                        ┆ 4.4.1        ┆ hb03c661_3           ┆ conda-forge ┆ 498.73 KiB │
 │ │ │ ninja                    ┆ ninja                       ┆ 1.13.2       ┆ h171cf75_1           ┆ conda-forge ┆ 182.39 KiB │
 │ │ │ patch                    ┆ patch                       ┆ 2.8          ┆ h280c20c_1003        ┆ conda-forge ┆ 107.65 KiB │
 │ │ │ python                   ┆ python 3.12.* *_cpython (V) ┆ 3.12.14      ┆ h5f976f7_3_cpython   ┆ conda-forge ┆  21.98 MiB │
 │ │ │ setuptools               ┆ setuptools                  ┆ 84.0.0       ┆ pyh332efcf_0         ┆ conda-forge ┆ 512.20 KiB │
 │ │ │ sysroot_linux-64         ┆ sysroot_linux-64 2.17.*     ┆ 2.17         ┆ h0157908_18          ┆ conda-forge ┆  14.46 MiB │
 │ │ │ _openmp_mutex            ┆                             ┆ 4.5          ┆ 20_gnu               ┆ conda-forge ┆  28.27 KiB │
 │ │ │ binutils_impl_linux-64   ┆                             ┆ 2.46.1       ┆ default_hfdba357_102 ┆ conda-forge ┆   3.54 MiB │
 │ │ │ binutils_linux-64        ┆                             ┆ 2.46.1       ┆ default_h4852527_102 ┆ conda-forge ┆  35.49 KiB │
 │ │ │ bzip2                    ┆                             ┆ 1.0.8        ┆ hda65f42_10          ┆ conda-forge ┆ 251.77 KiB │
 │ │ │ c-ares                   ┆                             ┆ 1.34.8       ┆ hebe6cf0_2           ┆ conda-forge ┆ 223.34 KiB │
 │ │ │ ca-certificates          ┆                             ┆ 2026.7.22    ┆ hbd8a1cb_0           ┆ conda-forge ┆ 128.69 KiB │
 │ │ │ gcc_impl_linux-64        ┆                             ┆ 14.4.0       ┆ heaf7ae8_4           ┆ conda-forge ┆  73.68 MiB │
 │ │ │ gxx_impl_linux-64        ┆                             ┆ 14.4.0       ┆ hc436dd5_4           ┆ conda-forge ┆  15.13 MiB │
 │ │ │ icu                      ┆                             ┆ 78.3         ┆ py310h44b86e0_2      ┆ conda-forge ┆  13.79 MiB │
 │ │ │ kernel-headers_linux-64  ┆                             ┆ 3.10.0       ┆ he073ed8_18          ┆ conda-forge ┆ 921.37 KiB │
 │ │ │ keyutils                 ┆                             ┆ 1.6.3        ┆ h7cc23a3_1           ┆ conda-forge ┆ 132.12 KiB │
 │ │ │ krb5                     ┆                             ┆ 1.22.2       ┆ hbc21106_2           ┆ conda-forge ┆   1.33 MiB │
 │ │ │ ld_impl_linux-64         ┆                             ┆ 2.46.1       ┆ default_hbd61a6d_102 ┆ conda-forge ┆ 727.83 KiB │
 │ │ │ libcurl                  ┆                             ┆ 8.22.0       ┆ ha042cf0_0           ┆ conda-forge ┆ 487.94 KiB │
 │ │ │ libedit                  ┆                             ┆ 3.1.20250104 ┆ pl5321h373387f_1     ┆ conda-forge ┆ 131.93 KiB │
 │ │ │ libev                    ┆                             ┆ 4.33         ┆ h280c20c_3           ┆ conda-forge ┆  42.21 KiB │
 │ │ │ libexpat                 ┆                             ┆ 2.8.1        ┆ hecca717_1           ┆ conda-forge ┆  76.03 KiB │
 │ │ │ libffi                   ┆                             ┆ 3.7.0        ┆ h81df57d_1           ┆ conda-forge ┆  66.41 KiB │
 │ │ │ libgcc                   ┆                             ┆ 16.2.0       ┆ ha9f2e26_4           ┆ conda-forge ┆   1.01 MiB │
 │ │ │ libgcc-devel_linux-64    ┆                             ┆ 14.4.0       ┆ hd9a9cd0_104         ┆ conda-forge ┆   2.95 MiB │
 │ │ │ libgomp                  ┆                             ┆ 16.2.0       ┆ he0feb66_4           ┆ conda-forge ┆ 624.97 KiB │
 │ │ │ libiconv                 ┆                             ┆ 1.18         ┆ h0cb94f2_3           ┆ conda-forge ┆ 770.97 KiB │
 │ │ │ liblzma                  ┆                             ┆ 5.8.3        ┆ hb03c661_1           ┆ conda-forge ┆ 110.35 KiB │
 │ │ │ libnghttp2               ┆                             ┆ 1.68.1       ┆ h74cf4be_1           ┆ conda-forge ┆ 634.74 KiB │
 │ │ │ libnsl                   ┆                             ┆ 2.0.1        ┆ hb9d3cd8_1           ┆ conda-forge ┆  32.94 KiB │
 │ │ │ libpsl                   ┆                             ┆ 0.23.1       ┆ hd9e3e90_1           ┆ conda-forge ┆  70.82 KiB │
 │ │ │ libpython                ┆                             ┆ 3.12.14      ┆ h0c77377_3_cpython   ┆ conda-forge ┆   8.36 MiB │
 │ │ │ libsanitizer             ┆                             ┆ 14.4.0       ┆ hf39dbba_4           ┆ conda-forge ┆   7.15 MiB │
 │ │ │ libsqlite                ┆                             ┆ 3.53.4       ┆ h13e7031_1           ┆ conda-forge ┆ 951.51 KiB │
 │ │ │ libssh2                  ┆                             ┆ 1.11.1       ┆ h6154650_1           ┆ conda-forge ┆ 298.87 KiB │
 │ │ │ libstdcxx                ┆                             ┆ 16.2.0       ┆ h934c35e_4           ┆ conda-forge ┆   6.31 MiB │
 │ │ │ libstdcxx-devel_linux-64 ┆                             ┆ 14.4.0       ┆ ha5b54cb_104         ┆ conda-forge ┆  19.47 MiB │
 │ │ │ libuuid                  ┆                             ┆ 2.42.3       ┆ hcfc3c73_0           ┆ conda-forge ┆  39.06 KiB │
 │ │ │ libuv                    ┆                             ┆ 1.52.1       ┆ h280c20c_1           ┆ conda-forge ┆ 410.20 KiB │
 │ │ │ libxcrypt                ┆                             ┆ 4.4.38       ┆ h280c20c_0           ┆ conda-forge ┆  99.57 KiB │
 │ │ │ libzlib                  ┆                             ┆ 1.3.2        ┆ h25fd6f3_3           ┆ conda-forge ┆  62.22 KiB │
 │ │ │ ncurses                  ┆                             ┆ 6.6          ┆ hdb14827_1           ┆ conda-forge ┆ 889.84 KiB │
 │ │ │ openssl                  ┆                             ┆ 3.6.4        ┆ h781a0a9_0           ┆ conda-forge ┆   3.05 MiB │
 │ │ │ pcre2                    ┆                             ┆ 10.47        ┆ h8b3dc9c_1           ┆ conda-forge ┆   1.16 MiB │
 │ │ │ perl                     ┆                             ┆ 5.32.1       ┆ 9_h7cc23a3_perl5     ┆ conda-forge ┆  12.76 MiB │
 │ │ │ python_abi               ┆                             ┆ 3.12         ┆ 9_cp312              ┆ conda-forge ┆   6.59 KiB │
 │ │ │ readline                 ┆                             ┆ 8.3          ┆ hd6e31c0_1           ┆ conda-forge ┆ 340.72 KiB │
 │ │ │ rhash                    ┆                             ┆ 1.4.6        ┆ hb03c661_2           ┆ conda-forge ┆ 190.42 KiB │
 │ │ │ tk                       ┆                             ┆ 8.6.13       ┆ noxft_h1df4ec4_4     ┆ conda-forge ┆   3.40 MiB │
 │ │ │ tzdata                   ┆                             ┆ 2026c        ┆ h151e31d_0           ┆ conda-forge ┆ 116.06 KiB │
 │ │ │ zstd                     ┆                             ┆ 1.5.7        ┆ hb78ec9c_7           ┆ conda-forge ┆ 587.21 KiB │
 │ │ ╰──────────────────────────┴─────────────────────────────┴──────────────┴──────────────────────┴─────────────┴────────────╯
 │ │ 
 │ │ Host dependencies:
 │ │ ╭────────────────────────────┬──────────────────────────────────────────────┬───────────┬──────────────────────┬───────────────────┬────────────╮
 │ │ │ Package                    ┆ Spec                                         ┆ Version   ┆ Build                ┆ Channel           ┆       Size │
 │ │ ╞════════════════════════════╪══════════════════════════════════════════════╪═══════════╪══════════════════════╪═══════════════════╪════════════╡
 │ │ │ libgcc                     ┆ libgcc >=14 (RE of [build: gcc_linux-64])    ┆ 16.2.0    ┆ ha9f2e26_4           ┆ conda-forge       ┆   1.01 MiB │
 │ │ │ libstdcxx                  ┆ libstdcxx >=14 (RE of [build: gxx_linux-64]) ┆ 16.2.0    ┆ h934c35e_4           ┆ conda-forge       ┆   6.31 MiB │
 │ │ │ numpy                      ┆ numpy 2.* (V)                                ┆ 2.5.3     ┆ py312he827f4e_0      ┆ conda-forge       ┆   8.80 MiB │
 │ │ │ pip                        ┆ pip                                          ┆ 26.2.1    ┆ pyh8b19718_0         ┆ conda-forge       ┆   1.14 MiB │
 │ │ │ pkg-config                 ┆ pkg-config                                   ┆ 0.29.2    ┆ h1114479_1013        ┆ conda-forge       ┆ 138.06 KiB │
 │ │ │ pytest                     ┆ pytest                                       ┆ 9.1.1     ┆ pyhc364b38_2         ┆ conda-forge       ┆ 299.54 KiB │
 │ │ │ python                     ┆ python 3.12.* *_cpython (V)                  ┆ 3.12.14   ┆ h5f976f7_3_cpython   ┆ conda-forge       ┆  21.98 MiB │
 │ │ │ ros-humble-ament-copyright ┆ ros-humble-ament-copyright                   ┆ 0.12.15   ┆ np2py312h2ed9cc7_15  ┆ robostack-staging ┆  62.22 KiB │
 │ │ │ ros-humble-ament-flake8    ┆ ros-humble-ament-flake8                      ┆ 0.12.15   ┆ np2py312h2ed9cc7_15  ┆ robostack-staging ┆  27.35 KiB │
 │ │ │ ros-humble-ament-pep257    ┆ ros-humble-ament-pep257                      ┆ 0.12.15   ┆ np2py312h2ed9cc7_15  ┆ robostack-staging ┆  25.43 KiB │
 │ │ │ ros-humble-ros-environment ┆ ros-humble-ros-environment                   ┆ 3.2.2     ┆ np2py312h2ed9cc7_15  ┆ robostack-staging ┆  21.12 KiB │
 │ │ │ ros-humble-ros-workspace   ┆ ros-humble-ros-workspace                     ┆ 1.0.2     ┆ np2py312h2ed9cc7_15  ┆ robostack-staging ┆  34.75 KiB │
 │ │ │ ros2-distro-mutex          ┆ ros2-distro-mutex 0.8.* humble_*             ┆ 0.8.0     ┆ humble_15            ┆ robostack-staging ┆   2.32 KiB │
 │ │ │ setuptools                 ┆ setuptools                                   ┆ 84.0.0    ┆ pyh332efcf_0         ┆ conda-forge       ┆ 512.20 KiB │
 │ │ │ _openmp_mutex              ┆                                              ┆ 4.5       ┆ 20_gnu               ┆ conda-forge       ┆  28.27 KiB │
 │ │ │ bzip2                      ┆                                              ┆ 1.0.8     ┆ hda65f42_10          ┆ conda-forge       ┆ 251.77 KiB │
 │ │ │ ca-certificates            ┆                                              ┆ 2026.7.22 ┆ hbd8a1cb_0           ┆ conda-forge       ┆ 128.69 KiB │
 │ │ │ colorama                   ┆                                              ┆ 0.4.6     ┆ pyhd8ed1ab_1         ┆ conda-forge       ┆  26.38 KiB │
 │ │ │ exceptiongroup             ┆                                              ┆ 1.3.1     ┆ pyhd8ed1ab_0         ┆ conda-forge       ┆  20.83 KiB │
 │ │ │ flake8                     ┆                                              ┆ 7.3.0     ┆ pyhd8ed1ab_0         ┆ conda-forge       ┆ 109.29 KiB │
 │ │ │ icu                        ┆                                              ┆ 78.3      ┆ py310h44b86e0_2      ┆ conda-forge       ┆  13.79 MiB │
 │ │ │ importlib-metadata         ┆                                              ┆ 9.0.1     ┆ pyhcf101f3_0         ┆ conda-forge       ┆  34.10 KiB │
 │ │ │ iniconfig                  ┆                                              ┆ 2.3.0     ┆ pyhd8ed1ab_0         ┆ conda-forge       ┆  13.07 KiB │
 │ │ │ ld_impl_linux-64           ┆                                              ┆ 2.46.1    ┆ default_hbd61a6d_102 ┆ conda-forge       ┆ 727.83 KiB │
 │ │ │ libblas                    ┆                                              ┆ 3.11.0    ┆ 11_h4a7cf45_openblas ┆ conda-forge       ┆  17.82 KiB │
 │ │ │ libcblas                   ┆                                              ┆ 3.11.0    ┆ 11_h0358290_openblas ┆ conda-forge       ┆  17.77 KiB │
 │ │ │ libexpat                   ┆                                              ┆ 2.8.1     ┆ hecca717_1           ┆ conda-forge       ┆  76.03 KiB │
 │ │ │ libffi                     ┆                                              ┆ 3.7.0     ┆ h81df57d_1           ┆ conda-forge       ┆  66.41 KiB │
 │ │ │ libgfortran                ┆                                              ┆ 16.2.0    ┆ h69a702a_4           ┆ conda-forge       ┆  27.71 KiB │
 │ │ │ libgfortran5               ┆                                              ┆ 16.2.0    ┆ h6b99dfc_4           ┆ conda-forge       ┆   2.41 MiB │
 │ │ │ libgomp                    ┆                                              ┆ 16.2.0    ┆ he0feb66_4           ┆ conda-forge       ┆ 624.97 KiB │
 │ │ │ liblapack                  ┆                                              ┆ 3.11.0    ┆ 11_h47877c9_openblas ┆ conda-forge       ┆  17.80 KiB │
 │ │ │ liblzma                    ┆                                              ┆ 5.8.3     ┆ hb03c661_1           ┆ conda-forge       ┆ 110.35 KiB │
 │ │ │ libnsl                     ┆                                              ┆ 2.0.1     ┆ hb9d3cd8_1           ┆ conda-forge       ┆  32.94 KiB │
 │ │ │ libopenblas                ┆                                              ┆ 0.3.34    ┆ pthreads_hf13c14d_2  ┆ conda-forge       ┆   6.53 MiB │
 │ │ │ libpython                  ┆                                              ┆ 3.12.14   ┆ h0c77377_3_cpython   ┆ conda-forge       ┆   8.36 MiB │
 │ │ │ libsqlite                  ┆                                              ┆ 3.53.4    ┆ h13e7031_1           ┆ conda-forge       ┆ 951.51 KiB │
 │ │ │ libuuid                    ┆                                              ┆ 2.42.3    ┆ hcfc3c73_0           ┆ conda-forge       ┆  39.06 KiB │
 │ │ │ libxcrypt                  ┆                                              ┆ 4.4.38    ┆ h280c20c_0           ┆ conda-forge       ┆  99.57 KiB │
 │ │ │ libzlib                    ┆                                              ┆ 1.3.2     ┆ h25fd6f3_3           ┆ conda-forge       ┆  62.22 KiB │
 │ │ │ mccabe                     ┆                                              ┆ 0.7.0     ┆ pyhd8ed1ab_1         ┆ conda-forge       ┆  12.63 KiB │
 │ │ │ ncurses                    ┆                                              ┆ 6.6       ┆ hdb14827_1           ┆ conda-forge       ┆ 889.84 KiB │
 │ │ │ openssl                    ┆                                              ┆ 3.6.4     ┆ h781a0a9_0           ┆ conda-forge       ┆   3.05 MiB │
 │ │ │ packaging                  ┆                                              ┆ 26.3      ┆ pyhc364b38_0         ┆ conda-forge       ┆ 113.64 KiB │
 │ │ │ pluggy                     ┆                                              ┆ 1.6.0     ┆ pyhf9edf01_1         ┆ conda-forge       ┆  25.27 KiB │
 │ │ │ pycodestyle                ┆                                              ┆ 2.14.0    ┆ pyhd8ed1ab_0         ┆ conda-forge       ┆  34.36 KiB │
 │ │ │ pydocstyle                 ┆                                              ┆ 6.3.0     ┆ pyhd8ed1ab_1         ┆ conda-forge       ┆  39.29 KiB │
 │ │ │ pyflakes                   ┆                                              ┆ 3.4.0     ┆ pyhd8ed1ab_0         ┆ conda-forge       ┆  58.20 KiB │
 │ │ │ pygments                   ┆                                              ┆ 2.21.0    ┆ pyhcf101f3_0         ┆ conda-forge       ┆ 936.89 KiB │
 │ │ │ python_abi                 ┆                                              ┆ 3.12      ┆ 9_cp312              ┆ conda-forge       ┆   6.59 KiB │
 │ │ │ readline                   ┆                                              ┆ 8.3       ┆ hd6e31c0_1           ┆ conda-forge       ┆ 340.72 KiB │
 │ │ │ ros-humble-ament-lint      ┆                                              ┆ 0.12.15   ┆ np2py312h2ed9cc7_15  ┆ robostack-staging ┆  16.12 KiB │
 │ │ │ snowballstemmer            ┆                                              ┆ 3.1.1     ┆ pyhd8ed1ab_0         ┆ conda-forge       ┆  72.71 KiB │
 │ │ │ tk                         ┆                                              ┆ 8.6.13    ┆ noxft_h1df4ec4_4     ┆ conda-forge       ┆   3.40 MiB │
 │ │ │ tomli                      ┆                                              ┆ 2.4.1     ┆ pyhcf101f3_0         ┆ conda-forge       ┆  21.06 KiB │
 │ │ │ typing_extensions          ┆                                              ┆ 4.16.0    ┆ pyhcf101f3_0         ┆ conda-forge       ┆  51.40 KiB │
 │ │ │ tzdata                     ┆                                              ┆ 2026c     ┆ h151e31d_0           ┆ conda-forge       ┆ 116.06 KiB │
 │ │ │ wheel                      ┆                                              ┆ 0.48.0    ┆ pyhd8ed1ab_0         ┆ conda-forge       ┆  33.72 KiB │
 │ │ │ zipp                       ┆                                              ┆ 4.1.0     ┆ pyhcf101f3_0         ┆ conda-forge       ┆  23.62 KiB │
 │ │ │ zstd                       ┆                                              ┆ 1.5.7     ┆ hb78ec9c_7           ┆ conda-forge       ┆ 587.21 KiB │
 │ │ ╰────────────────────────────┴──────────────────────────────────────────────┴───────────┴──────────────────────┴───────────────────┴────────────╯
 │ │ 
 │ │ Run dependencies:
 │ │ ╭──────────────────────────┬────────────────────────────────────────────────────╮
 │ │ │ Name                     ┆ Spec                                               │
 │ │ ╞══════════════════════════╪════════════════════════════════════════════════════╡
 │ │ │ Run dependencies         ┆                                                    │
 │ │ │ __glibc                  ┆ >=2.17,<3.0.a0 (RE of [build: sysroot_linux-64])   │
 │ │ │ libgcc                   ┆ >=14 (RE of [build: gcc_linux-64])                 │
 │ │ │                          ┆ >=14 (RE of [build: gxx_linux-64])                 │
 │ │ │ libstdcxx                ┆ >=14 (RE of [build: gxx_linux-64])                 │
 │ │ │ numpy                    ┆ >=1.25,<3 (RE of [host: numpy])                    │
 │ │ │ python                   ┆ *                                                  │
 │ │ │ python_abi               ┆ 3.12.* *_cp312 (RE of [host: python])              │
 │ │ │ ros-humble-ros-workspace ┆ *                                                  │
 │ │ │ ros2-distro-mutex        ┆ 0.8.* humble_*                                     │
 │ │ │                          ┆ >=0.8.0,<0.9.0a0 (RE of [host: ros2-distro-mutex]) │
 │ │ ╰──────────────────────────┴────────────────────────────────────────────────────╯
 │ │ 
 │ │ Artifact: /home/ubuntu/work/output/linux-64/ros-humble-rtabmap-python-0.22.1-np2py312h2ed9cc7_18.conda (18.28 KiB)
 │ │
 │ ╰─────────────────── (took 0 seconds)
 │
 ╰─────────────────── (took 0 seconds)
